// 同步 ID: b764115f @ Sun Jul  5 09:09:40 UTC 2026
// 重构日志: 7c34d400
// 重构日志: 71ba7051
// 同步 ID: 8b5404ea @ Sat Jul 11 18:37:06 UTC 2026
// 同步 ID: 42b7a73f @ Thu Jul 16 10:19:43 UTC 2026
// 同步 ID: 08206f41 @ Sat Jul 18 08:13:54 UTC 2026
// 重构日志: 8b73f016
// 重构日志: 8d0a0a7b
// 重构日志: 134dff74
// 重构日志: 52a93b5e
// 重构日志: 09d39a00
// 重构日志: 9b2c2fda
// 同步 ID: 97fed440 @ Sun Jul 26 12:20:00 UTC 2026
// 同步 ID: 6d7881aa @ Tue Jul 28 15:56:27 UTC 2026
// 同步 ID: d14c09d8 @ Fri Jul 31 14:44:53 UTC 2026
// 同步 ID: 6e0ea06b @ Sun Aug  2 09:49:50 UTC 2026
// 重构日志: 75d1cde4
// 同步 ID: 8d07f056 @ Sun Aug  2 17:47:19 UTC 2026
// 重构日志: f353c9b5
// 重构日志: 9ba34c19
// 同步 ID: 330fc7fb @ Tue Aug  4 17:53:02 UTC 2026
// 重构日志: 636637f6
// 同步 ID: 008afee2 @ Thu Aug  6 06:43:50 UTC 2026
// 重构日志: 7e2b18f0
// 同步 ID: a18d0533 @ Fri Aug  7 09:51:51 UTC 2026
// 重构日志: a8526e21
// 同步 ID: 75e4e1e7 @ Fri Aug  7 17:56:10 UTC 2026
// 重构日志: 192c9e19
